/02.php
/099.php
/1111.php
/11a.php
/1213.php
/123131/index.php
/12345.php
/1234.php
/123.php
/12.php
/1556189185.php
/15.php
/1hou.php
/1/index.php
/1ndex.php
/1.php
/1q.php
/1x.php
/2015/wp-includes/wlwmanifest.xml
/2016/wp-includes/wlwmanifest.xml
/2017/wp-includes/wlwmanifest.xml
/2018/wp-includes/wlwmanifest.xml
/2.php
/321/index.php
/3.php
/_404.php
/404.php
/411.php
/415.php
/421.php
/444.php
/4.php
/51314.php
/51.php
/5201314.php
/520.php
/5678.php
/56.php
/605.php
/666666.php
/666.php
/6.php
/%73%65%61%72%63%68%2e%70%68%70
/%73%65%65%79%6F%6E/%68%74%6D%6C%6F%66%66%69%63%65%73%65%72%76%6C%65%74
/%75%73%65%72%2e%70%68%70
/%75%73%65%72/%72%65%67%69%73%74%65%72
/777.php
/789056.php
/7o.php
/7.php
/887.php
/888.php
/92.php
/9510.php
/9678.php
/981.php
/987.php
/98k.php
/999.php
/99.php
/9.php
/a2billing/customer/templates/default/footer.tpl
/a411.php
/aaa9
/aaaaaa1.php
/aaaa.php
/aaa.php
/aab9
/aa.php
/aap.php
/abc776.php
/abc.php
/about.php
/ack.php
/actualites.feed
/actuator
/admin1.php
/admin/config.php
/admin-console
/admin/index.php
/Administrator.php
/administrator/webconfig.txt.php
/admin/mysql2/index.php
/admin/mysql/index.php
/admin/phpmyadmin2/index.php
/admin/phpmyadmin/index.php
/admin/phpMyAdmin/index.php
/admin/pma/index.php
/admin/PMA/index.php
/admn.php
/ads.txt
/afafaf.php
/?a=fetch
/ak47.php
/ak48.php
/ak.php
/Alarg53.php
/alipay.php
/angge.php
/anyi.php
/aojiao.php
/aotian.php
/aotu7.php
/aotu.php
/a.php
/api/jsonws
/api.php
/App74d8459f.php
/Appdbd9459f.php
/app.php
/App.php
/appserv.php
/[asDomaincom]_backup.sql
/[asDomaincom]_dump.sql
/[asDomaincom].sql
/asen.php
/Autodiscover
/autoloader.php
/avast.php
/aw.php
/awstats/awstatstotals.php
/awstats/index.php
/awstatstotals/awstatstotals.php
/awstatstotals/index.php
/babel-plugin-dotenv
/backend
/back.php
/backup
/backup.sql
/bag2
/baidoubi.php
/bak.php
/base.dump.sql
/base.sql
/bb.php
/bbq.php
/bbqq.php
/bbr.php
/bbv.php
/beimeng.php
/bf.php
/bitcoin
/blog/wp-includes/wlwmanifest.xml
/blog/wp-login.php
/blog/xmlrpc.php
/bn.php
/boaform
/bois-energie
/boots.php
/boxes
/b.php
/buluya.php
/bx.php
/cacti/plugins/weathermap/editor.php
/cadre.php
/cainiao.php
/can.php
/caonma.php
/CCCC.PHP
/CCC.PHP
/cc.php
/CC.php
/ce.PHP
/cere.php
/cer.php
/ceshi.php
/cgi-bin
/cgi-bin/login.html
/cgi-bin/nobody/Machine.cgi
/cgi-bin/user/Config.cgi
/chaoda.php
/ci.php
/ckeditor
/ckfinder
/claroline/phpMyAdmin/index.php
/class1.php
/cmdd.php
/cmd.php
/cms/wp-includes/wlwmanifest.xml
/cmv.php
/cnm.php
/cn.php
/code.php
/common.js
/composer.php
/composers.php
/conf1g.php
/confg.php
/confie.php
/.config.php
/config.php
/Config_Shell.php
/conflg.php
/conf.php
/console
/coonig.php
/coon.php
/copy.sql
/core.php
/c.php
/cron.php
/cs.php
/current_config/passwd
/currentsetting.htm
/cxfm666.php
/d7.php
/dashu.php
/data/admin/help.php
/data.php
/datas.php
/dbadmin/index.php
/db_cts.php
/db_dataml.php
/db_desql.php
/db/index.php
/db.init.php
/db__.init.php
/db.php
/db_pma.php
/db_session.init.php
/ddd.php
/default.php
/defect.php
/desktop.ini.php
/device_description.xml
/dexgp.php
/dialog
/diy.php
/DJ.php
/dns.php
/dns-query
/docs.css
/dong.php
/doudou.php
/download/index.php
/d.php
/Drupal.php
/duke.php
/dump.sql
/ecmsmod.php
/editor
/Editor.js
/elrekt.php
/.env
/erba.php
/error_page.htm
/error.php
/errors.php
/errors/processor.php
/erwa.php
/evox
/fack.php
/fantao.php
/fb.php
/FCK
/fckeditor
/fdgq.php
/fdsrwe
/feixiang.php
/ffr.php
/floaw.php
/ftmabc.php
/fuck.php
/function.inc.php
/fusheng.php
/fx.php
/ganshiqiang.php
/ganzhuolang.php
/general.php
/gg.php
/.git
/.git.php
/godkey.php
/g.php
/GponForm
/gsy.php
/guai.php
/guipu.php
/h156.php
/h1.php
/hack.php
/hacly.php
/hannan.php
/hd.php
/hello.php
/hell.php
/help-e.php
/help.php
/hgx.php
/hhhhhh.php
/hhh.php
/hh.php
/hl.php
/hm.php
/HNAP1
/HNAP1/
/home.php
/htdocs.php
/htfr.php
/html/public/index.php
/hudson
/hue2.php
/huoshan.php
/HX.php
/Hzllaga.php
/_ignition
/igo.php
/iis.php
/images/1ndex.php
/images/1.php
/images/asp.php
/images/attari.php
/images/defau1t.php
/images/entyy.php
/images/jsspwneed.php
/images/logo.gif
/images/!.php
/images/stories/cmd.php
/images/stories/filemga.php
/images/swfupload/tags.php
/images/up.php
/images/vuln.php
/include/data/tags.php
/include/tags.php
/inc.php
/inc/rsd.php
/indea.php
/inde.php
/index1.php
/indexa.php
/indexbak.php
/index.php?s=/Index
/info1.php
/info8.php
/infoo.php
/info.php
/infos.php
/install/includes
/ioi.php
/ip.php
/issmall
/izom.php
/java.php
/jbb.php
/jb.php
/jenkins
/jiaochi.php
/jing.php
/ji.php
/jj1.php
/jjj.php
/jkl.php
/j.php
/jsc.php
/jsc.php.php
/juji.php
/jy.php
/jyyy.php
/key.php
/kkl.php
/kk.php
/knal.php
/kpl.php
/ks1.php
/kvast.php
/l6.php
/l7.php
/l8.php
/lala-dpr.php
/lala.php
/lang.php
/lanke.php
/lanyecn.php
/laobiao.php
/lapan.php
/laravel.php
/ldw.php
/lequ.php
/liangchen.php
/license.php
/lindex.php
/link.php
/linkr.php
/linkx.php
/linux1.php
/linux.php
/linuxse.php
/ljb.php
/llld.php
/lmn.php
/lm.php
/log1.php
/login.htm
/login/login.html
/logon.php
/log.php
/lol.php
/lost.php
/lr.php
/lucky.php
/luoke.php
/luoran6.php
/luoran.php
/luso.php
/lx.php
/lz.php
/manager
/manager/html
/manager/text/list
/mazi.php
/MCLi.php
/media
/media/wp-includes/wlwmanifest.xml
/meijianxue
/meijianxue.php
/meng.php
/miao.php
/mifs
/min.php
/mjx.php
/ml.php
/mm.php
/mobai.PHP
/mo.php
/Moxin.PHP
/m.php
/muhstik2.php
/muhstik-dpr.php
/muhstik.php
/muhstiks.php
/muieblackcat
/mutuba.php
/mx.php
/myadmin
/MyAdmin
/myadmin2/index.php
/myadmin/index.php
/MyAdmin/index.php
/myadmin/scripts/db___.init.php
/MyAdmin/scripts/db___.init.php
//myadmin/scripts/setup.php
/myadmin/scripts/setup.php
//MyAdmin/scripts/setup.php
/MyAdmin/scripts/setup.php
/mybestloves.php
/my.php
/mysql-admin/index.php
/mysql/admin/index.php
/mysql_admin/index.php
/mysqladmin/index.php
/mysql/dbadmin/index.php
/mysql/index.php
/mysql/mysqlmanager/index.php
/mysql.php
/mysql/sqlmanager/index.php
/mz.php
/n23.php
/n24.php
/nb.php
/neko.php
/new_license.php
/news/wp-includes/wlwmanifest.xml
/nice%20ports
/nidage.php
/nmaplowercheck
/nnn.php
/no1.php
/no.php
/nuoxi.php
/okokok.php
/ok.php
/ooi.php
/ooo23.php
/ooo.php
/orange.php
/ou2.php
/oumi.php
/owa
/p34ky1337.php
/Panel/
/payload.php
/paylog.php
/pe.php
/.php
/php2MyAdmin/index.php
/phpadmin/index.php
/phpAdmin/index.php
/phpdm.php
/phpiMyAdmin/index.php
/phpinf0.php
/phpinfi.php
/phpini.php
/phpmadmin/index.php
/phpma/index.php
/phpMyAbmin/index.php
/phpmyadm1n/index.php
/phpMyAdm1n/index.php
/phpMyadmi/index.php
/phpmyadmin
/phpmyadmin0/index.php
/phpMyAdmin_111/index.php
/phpMyAdmin123/index.php
/phpmyadmin1/index.php
/phpMyAdmin1/index.php
/phpmyadmin2222/index.php
/phpmyadmin2/index.php
/phpMyAdmin._2/index.php
/phpmyadmin3333/index.php
/phpMyAdmin-4.4.0/index.php
/phpMyAdmina/index.php
/phpMyadmin_bak/index.php
/phpMyAdminhf/index.php
/phpmyadmin/index.php
/phpMyAdmin+++---/index.php
/phpMyAdmin._/index.php
/phpMyAdmin/index.php
/phpMyAdmin__/index.php
/phpMyAdminn/index.php
/phpmyadmin-old/index.php
/phpMyAdmin.old/index.php
/phpMyAdminold/index.php
/phpmyadmin/phpmyadmin/index.php
/phpMyAdmin/phpMyAdmin/index.php
/phpmyadmin/scripts/db___.init.php
/phpMyAdmin/scripts/db___.init.php
//phpmyadmin/scripts/setup.php
/phpmyadmin/scripts/setup.php
//phpMyAdmin/scripts/setup.php
/phpMyAdmin/scripts/setup.php
/phpMyAdmins/index.php
/phpMyAdmion/index.php
/phpMyAdmln/index.php
/phpMydmin/index.php
/phpmy/index.php
/phpmy/scripts/setup.php
/phpNyAdmin/index.php
/php.php
/phppma/index.php
/phpstudy.php
/phpStudy.php
/Pings.php
/pk1914.php
/plugins/weathermap/editor.php
/plus/90sec.php
/plus/bakup.php
/plus/canshi.php
/plus/dajihi.php
/plus/e7xue.php
/plus/gu.php
/plus/huai.php
/plus/laobiaoaien.php
/plus/laobiao.php
/plus/lucas.php
/plus/ma.php
/plus/moon.php
/plus/mybak.php
/plus/mytag.php
/plus/qiang.php
/plus/read.php
/plus/result.php
/plus/service.php
/plus/shaoyong.php
/plus/tou.php
/plus/xsvip.php
/plus/yunjitan.php
/PMA2/index.php
/pma/index.php
/PMA/index.php
/pmamy2/index.php
/pmamy/index.php
/pma-old/index.php
/pma.php
/pma/scripts
/pma/scripts/db___.init.php
/PMA/scripts/db___.init.php
//pma/scripts/setup.php
/pma/scripts/setup.php
/PMA/scripts/setup.php
/pmd/index.php
/pmd_online.php
/pop.php
/portal
/post.php
/p.php
/ppl.php
/pp.php
/ppp.php
/ppx.php
/program/index.php
/proxyjudge.php
/public/index.php
/pwd/index.php
/python.php
/qa.php
/qaq.php
/qaz.php
/qiangkezhi.php
/qiqi11.php
/qiqi1.php
/qiqi.php
/?q=login.destroy.session
/q.php
/qq5262.php
/qq.php
/qqq.php
/que.php
/queqiao.php
/_query.php
/qunhuang.php
/qwe.php
/qw.php
/qwq.php
/qwqw.php
/remote
/repeat.php
/robots.txt
/root11.php
/root.php
/rrr.php
/ruii.php
/ruyi.php
/rxr.php
/s1.php
/sample.php
/sanan.php
/sane.php
/sbb/index.php
/sbkcb.php
/sbkc.php
/scripts/db___.init.php
/scripts/setup.php
/sdk
/sean.php
/servlet
/setup.cgi
/shaAdmin/index.php
/shanzhi.php
/sha.php
/sheep.php
/shell
/shell.php
/she.php
/shh.php
/shi.php
/shipu.php
/shopdb/index.php
/shop/wp-includes/wlwmanifest.xml
/s/index.php
/sitemap.xml
/site/wp-includes/wlwmanifest.xml
/site/wp-login.php
/sito/wp-includes/wlwmanifest.xml
/Skri.php
/slider.php
/sllolx.php
/smb_scheduler/
/solr
/s.php
/spider.php
/sqlk.php
/ssaa.php
/ss.php
/Ss.php
/sss.php
/stats/index.php
/super.php
/system.php
/sz.php
/t6nv.php
/taisui.php
/taocishun.php
/temp.php
/temtel.php
/test123.php
/test_404_page
/test404.php
/test_for_404
/test.php
/tests.php
/test/wp-includes/wlwmanifest.xml
/text.php
/think.php
/thinkphp/html/public/index.php
/tiandi.php
/tianqi.php
/tomcat.php
/tools.cgi
/tools/phpMyAdmin/index.php
/toor.php
/TP
/TP/html/public/index.php
/TP/index.php
/TP/public/index.php
/tt.php
/ttt.php
/tty.php
/typo3/phpmyadmin/index.php
/tyrant.php
/undx.php
/Updata.php
/u.php
/uploader.php
/UploadFile
/up.php
/UserFiles
/user.php
/userr.php
/usshiuig
/uu.php
/uuu.php
/v5she
/vedioes.php
/vendor/php-unit
/vendor/phpunit
/vendor/phpunit/phpunit/src/Util/PHP/eval-stdin.php
/ver.php
/vf.php
/v/index.php
/v.php
/vtigercrm/vtigerservice.php
/vuln1.php
/vuln.php
/vulnspy.php
/vvv.php
/w00tw00t
/w00tw00t.at.blackhats.romanian.anti-sec:)
/waf.php
/wanan.php
/wanmei.php
/wan.php
/wb.php
/wc.php
/wcp.php
/weathermap/editor.php
/webconfig.php
/webconfig.txt.php
/web-console
/webdav/
/web/phpMyAdmin/index.php
/website/wp-includes/wlwmanifest.xml
/webslee.php
/web/wp-includes/wlwmanifest.xml
/weixiao.php
/.well-known/security.txt
/whoami.php
/whoami.php.php
/win1.php
/winbox.png
/win.php
/wordpress/wp-includes/wlwmanifest.xml
/wordpress/wp-login.php
/woshimengmei.php
/wp1/wp-includes/wlwmanifest.xml
/wp1/wp-login.php
/wp2/wp-includes/wlwmanifest.xml
/wp2/wp-login.php
/wp3/wp-login.php
/wp4/wp-login.php
/wp5/wp-login.php
/wp-admins.php
/wp-config.php
/wp-content
/wp-content/plugins/ad-inserter/readme.txt
/wp-content/plugins/portable-phpmyadmin/wp-pma-mod/index.php
/wp-content/themes/AdvanceImage5/header.php
/wp-content/themes/bl.php
/wpc.php
/w.php
/wp-includes/css/modules.php
/wp-includes/css/wp-config.php
/wp-includes/css/wp-login.php
/wp-includes/fonts/modules.php
/wp-includes/fonts/wp-config.php
/wp-includes/fonts/wp-login.php
/wp-includes/modules/modules.php
/wp-includes/modules/wp-config.php
/wp-includes/modules/wp-login.php
/wp-includes/wlwmanifest.xml
/wp-login
/wp-login.php
/wpo.php
/wp/wp-includes/wlwmanifest.xml
/wp/wp-login.php
/wshell.php
/wsx.php
/wuwu11.php
/wuwu.php
/ww.php
/www.php
/www/phpMyAdmin/index.php
/WWW/phpMyAdmin/index.php
/xampp/phpmyadmin/index.php
/xh.php
/xiaobin.php
/xiaodai.php
/xiaohei.php
/xiaomae.php
/xiaoma.php
/xiaomar.php
/xiaomo.php
/xiao.php
/xiaoxia.php
/xiaoxi.php
/xiaoyu.php
/xiaxia.php
/xing.php
/xiong.php
/xi.php
/xiu.php
/xixi.php
//xmlrpc.php
/xmlrpc.php
/x.php
/xp.php
/xshell.php
/xsser.php
/xun.php
/xw1.php
/xw.php
/xx33.php
/xx.php
/xxx.php
/xxxx.php
/xz.php
/yao.php
/yccc.php
/ycc.php
/yc.php
/yj.php
/ysy.php
/yumo.php
/yu.php
/yuyang.php
/yyx.php
/yyy.php
/zhk.php
/zhui.php
/zmp.php
/z.php
/zshmindex.php
/zuoindex.php
/zuo.php
/zuoshou.php
/zuoshss.php
/zuos.php
/zuoss.php
/zxc0.php
/zxc1.php
/zxc2.php
/zxc.php
/zxy.php
/zyc.php
/zzk.php
/zz.php
/zzz.php
